2026-08-14 01:25:28.765 [background-preinit] INFO  o.h.validator.internal.util.Version - HV000001: Hibernate Validator 6.2.5.Final
2026-08-14 01:25:28.777 [main] INFO  com.scau.village.VillageApplication - Starting VillageApplication using Java 17.0.19 on DESKTOP-PFETOUB with PID 5224 (E:\Scau\工作\科创\a三下乡\后端\target\classes started by 吴雪盈 in E:\Scau\工作\科创\a三下乡\后端)
2026-08-14 01:25:28.777 [main] DEBUG com.scau.village.VillageApplication - Running with Spring Boot v2.7.18, Spring v5.3.31
2026-08-14 01:25:28.777 [main] INFO  com.scau.village.VillageApplication - The following 1 profile is active: "dev"
2026-08-14 01:25:29.793 [main] INFO  o.s.d.r.c.RepositoryConfigurationDelegate - Multiple Spring Data modules found, entering strict repository configuration mode
2026-08-14 01:25:29.796 [main] INFO  o.s.d.r.c.RepositoryConfigurationDelegate - Bootstrapping Spring Data Redis repositories in DEFAULT mode.
2026-08-14 01:25:29.827 [main] INFO  o.s.d.r.c.RepositoryConfigurationDelegate - Finished Spring Data repository scanning in 20 ms. Found 0 Redis repository interfaces.
2026-08-14 01:25:30.732 [main] INFO  o.s.b.w.e.tomcat.TomcatWebServer - Tomcat initialized with port(s): 8080 (http)
2026-08-14 01:25:30.740 [main] INFO  o.a.coyote.http11.Http11NioProtocol - Initializing ProtocolHandler ["http-nio-8080"]
2026-08-14 01:25:30.741 [main] INFO  o.a.catalina.core.StandardService - Starting service [Tomcat]
2026-08-14 01:25:30.741 [main] INFO  o.a.catalina.core.StandardEngine - Starting Servlet engine: [Apache Tomcat/9.0.83]
2026-08-14 01:25:30.939 [main] INFO  o.a.c.c.C.[Tomcat].[localhost].[/] - Initializing Spring embedded WebApplicationContext
2026-08-14 01:25:30.939 [main] INFO  o.s.b.w.s.c.ServletWebServerApplicationContext - Root WebApplicationContext: initialization completed in 2126 ms
2026-08-14 01:25:33.665 [main] DEBUG c.s.v.common.config.SecurityConfig$1 - Filter 'jwtAuthenticationFilter' configured for use
2026-08-14 01:25:35.823 [main] DEBUG o.s.w.s.m.m.a.RequestMappingHandlerAdapter - ControllerAdvice beans: 0 @ModelAttribute, 0 @InitBinder, 1 RequestBodyAdvice, 1 ResponseBodyAdvice
2026-08-14 01:25:35.886 [main] INFO  o.s.b.a.w.s.WelcomePageHandlerMapping - Adding welcome page: class path resource [static/index.html]
2026-08-14 01:25:36.012 [main] DEBUG o.s.w.s.m.m.a.RequestMappingHandlerMapping - 97 mappings in 'requestMappingHandlerMapping'
2026-08-14 01:25:36.047 [main] DEBUG o.s.w.s.h.SimpleUrlHandlerMapping - Patterns [/webjars/**, /**, /upload/**, /swagger-ui*/*swagger-initializer.js, /swagger-ui*/**] in 'resourceHandlerMapping'
2026-08-14 01:25:36.065 [main] DEBUG o.s.w.s.m.m.a.ExceptionHandlerExceptionResolver - ControllerAdvice beans: 2 @ExceptionHandler, 1 ResponseBodyAdvice
2026-08-14 01:25:36.599 [main] WARN  o.s.b.a.s.s.UserDetailsServiceAutoConfiguration - 

Using generated security password: e9448826-a030-43bf-9cd0-19342fbb0ded

This generated password is for development use only. Your security configuration must be updated before running your application in production.

2026-08-14 01:25:36.775 [main] INFO  o.s.s.web.DefaultSecurityFilterChain - Will secure any request with [org.springframework.security.web.session.DisableEncodeUrlFilter@6b6606d1, org.springframework.security.web.context.request.async.WebAsyncManagerIntegrationFilter@27605b87, org.springframework.security.web.context.SecurityContextPersistenceFilter@5464aeec, org.springframework.security.web.header.HeaderWriterFilter@48788853, org.springframework.security.web.authentication.logout.LogoutFilter@663f24e6, com.scau.village.common.config.SecurityConfig$1@44641d6c, org.springframework.security.web.savedrequest.RequestCacheAwareFilter@71f437d7, org.springframework.security.web.servletapi.SecurityContextHolderAwareRequestFilter@58041b11, org.springframework.security.web.authentication.AnonymousAuthenticationFilter@1fc4483f, org.springframework.security.web.session.SessionManagementFilter@6055e899, org.springframework.security.web.access.ExceptionTranslationFilter@3673e211, org.springframework.security.web.access.intercept.FilterSecurityInterceptor@7f2542f]
2026-08-14 01:25:36.811 [main] INFO  o.s.b.a.e.web.EndpointLinksResolver - Exposing 2 endpoint(s) beneath base path '/actuator'
2026-08-14 01:25:36.845 [main] INFO  o.a.coyote.http11.Http11NioProtocol - Starting ProtocolHandler ["http-nio-8080"]
2026-08-14 01:25:36.897 [main] INFO  o.s.b.w.e.tomcat.TomcatWebServer - Tomcat started on port(s): 8080 (http) with context path ''
2026-08-14 01:25:36.919 [main] INFO  com.scau.village.VillageApplication - Started VillageApplication in 8.544 seconds (JVM running for 8.91)
2026-08-14 01:27:39.597 [http-nio-8080-exec-2] INFO  o.a.c.c.C.[Tomcat].[localhost].[/] - Initializing Spring DispatcherServlet 'dispatcherServlet'
2026-08-14 01:27:39.597 [http-nio-8080-exec-2] INFO  o.s.web.servlet.DispatcherServlet - Initializing Servlet 'dispatcherServlet'
2026-08-14 01:27:39.597 [http-nio-8080-exec-2] DEBUG o.s.web.servlet.DispatcherServlet - Detected StandardServletMultipartResolver
2026-08-14 01:27:39.597 [http-nio-8080-exec-2] DEBUG o.s.web.servlet.DispatcherServlet - Detected AcceptHeaderLocaleResolver
2026-08-14 01:27:39.597 [http-nio-8080-exec-2] DEBUG o.s.web.servlet.DispatcherServlet - Detected FixedThemeResolver
2026-08-14 01:27:39.600 [http-nio-8080-exec-2] DEBUG o.s.web.servlet.DispatcherServlet - Detected org.springframework.web.servlet.view.DefaultRequestToViewNameTranslator@5ccc971e
2026-08-14 01:27:39.600 [http-nio-8080-exec-2] DEBUG o.s.web.servlet.DispatcherServlet - Detected org.springframework.web.servlet.support.SessionFlashMapManager@5487a8f1
2026-08-14 01:27:39.600 [http-nio-8080-exec-2] DEBUG o.s.web.servlet.DispatcherServlet - enableLoggingRequestDetails='false': request parameters and headers will be masked to prevent unsafe logging of potentially sensitive data
2026-08-14 01:27:39.600 [http-nio-8080-exec-2] INFO  o.s.web.servlet.DispatcherServlet - Completed initialization in 3 ms
2026-08-14 01:27:39.611 [http-nio-8080-exec-2] DEBUG o.s.web.servlet.DispatcherServlet - GET "/api/shop/products", parameters={}
2026-08-14 01:27:39.617 [http-nio-8080-exec-2] DEBUG o.s.w.s.m.m.a.RequestMappingHandlerMapping - Mapped to com.scau.village.module.shop.controller.ShopController#listProducts()
2026-08-14 01:27:39.619 [http-nio-8080-exec-2] DEBUG c.s.v.c.interceptor.JwtInterceptor - 绝对白名单放行: uri=/api/shop/products, method=GET
2026-08-14 01:27:39.845 [http-nio-8080-exec-2] INFO  com.zaxxer.hikari.HikariDataSource - HikariPool-1 - Starting...
2026-08-14 01:27:40.003 [http-nio-8080-exec-2] INFO  com.zaxxer.hikari.HikariDataSource - HikariPool-1 - Start completed.
2026-08-14 01:27:40.098 [http-nio-8080-exec-2] DEBUG o.s.w.s.m.m.a.RequestResponseBodyMethodProcessor - Using 'application/json', given [*/*] and supported [application/json, application/*+json, application/json, application/*+json]
2026-08-14 01:27:40.104 [http-nio-8080-exec-2] DEBUG o.s.w.s.m.m.a.RequestResponseBodyMethodProcessor - Writing [Result(code=200, message=success, data=[Product(id=10, tenantId=1, name=海天酱油 1.9L, pointsNeeded=45,  (truncated)...]
2026-08-14 01:27:40.128 [http-nio-8080-exec-2] DEBUG o.s.web.servlet.DispatcherServlet - Completed 200 OK
